// Jest Snapshot v1, https://goo.gl/fbAQLP

exports[`Validate Angular ESLint config. > Rules: Angular 1`] = `
Object {
  "errorCount": 31,
  "fixableErrorCount": 12,
  "fixableWarningCount": 0,
  "results": Array [
    Object {
      "errorCount": 31,
      "filePath": "tests/fixtures/angular.fixture.ts",
      "fixableErrorCount": 12,
      "fixableWarningCount": 0,
      "messages": Array [
        Object {
          "column": 1,
          "endColumn": 2,
          "endLine": 1,
          "line": 1,
          "message": "Definition for rule '@typescript-eslint/class-name-casing' was not found.",
          "nodeType": null,
          "ruleId": "@typescript-eslint/class-name-casing",
          "severity": 2,
        },
        Object {
          "column": 1,
          "endColumn": 42,
          "endLine": 2,
          "fix": Object {
            "range": Array [
              0,
              81,
            ],
            "text": "import { Provider } from './my.provider';
import { Service } from './my.service';",
          },
          "line": 1,
          "message": "Run autofix to sort these imports!",
          "messageId": "sort",
          "nodeType": null,
          "ruleId": "simple-import-sort/imports",
          "severity": 2,
        },
        Object {
          "column": 1,
          "endColumn": 1,
          "endLine": 72,
          "line": 1,
          "message": "File has too many classes (4). Maximum allowed is 1.",
          "messageId": "maximumExceeded",
          "nodeType": "Program",
          "ruleId": "max-classes-per-file",
          "severity": 2,
        },
        Object {
          "column": 1,
          "endColumn": 42,
          "endLine": 2,
          "fix": Object {
            "range": Array [
              0,
              82,
            ],
            "text": "import { Provider } from './my.provider';
import { Service } from './my.service';
",
          },
          "line": 2,
          "message": "\`./my.provider\` import should occur before import of \`./my.service\`",
          "nodeType": "ImportDeclaration",
          "ruleId": "import/order",
          "severity": 2,
        },
        Object {
          "column": 10,
          "endColumn": 18,
          "endLine": 2,
          "line": 2,
          "message": "'Provider' is defined but never used.",
          "messageId": "unusedVar",
          "nodeType": "Identifier",
          "ruleId": "@typescript-eslint/no-unused-vars",
          "severity": 1,
        },
        Object {
          "column": 7,
          "endColumn": 23,
          "endLine": 6,
          "line": 6,
          "message": "'invalidClassName' is defined but never used.",
          "messageId": "unusedVar",
          "nodeType": "Identifier",
          "ruleId": "@typescript-eslint/no-unused-vars",
          "severity": 1,
        },
        Object {
          "column": 6,
          "endColumn": 7,
          "endLine": 8,
          "fix": Object {
            "range": Array [
              122,
              145,
            ],
            "text": "interface T { x: number }",
          },
          "line": 8,
          "message": "Use an \`interface\` instead of a \`type\`.",
          "messageId": "interfaceOverType",
          "nodeType": "Identifier",
          "ruleId": "@typescript-eslint/consistent-type-definitions",
          "severity": 2,
        },
        Object {
          "column": 6,
          "endColumn": 7,
          "endLine": 8,
          "line": 8,
          "message": "'T' is defined but never used.",
          "messageId": "unusedVar",
          "nodeType": "Identifier",
          "ruleId": "@typescript-eslint/no-unused-vars",
          "severity": 1,
        },
        Object {
          "column": 11,
          "endColumn": 14,
          "endLine": 10,
          "line": 10,
          "message": "'Foo' is defined but never used.",
          "messageId": "unusedVar",
          "nodeType": "Identifier",
          "ruleId": "@typescript-eslint/no-unused-vars",
          "severity": 1,
        },
        Object {
          "column": 3,
          "endColumn": 20,
          "endLine": 14,
          "line": 14,
          "message": "Member Z should be declared before all field definitions.",
          "messageId": "incorrectGroupOrder",
          "nodeType": "TSIndexSignature",
          "ruleId": "@typescript-eslint/member-ordering",
          "severity": 2,
        },
        Object {
          "column": 16,
          "endColumn": 19,
          "endLine": 14,
          "line": 14,
          "message": "Unexpected any. Specify a different type.",
          "messageId": "unexpectedAny",
          "nodeType": "TSAnyKeyword",
          "ruleId": "@typescript-eslint/no-explicit-any",
          "severity": 1,
          "suggestions": Array [
            Object {
              "desc": "Use \`unknown\` instead, this will force you to explicitly, and safely assert the type is correct.",
              "fix": Object {
                "range": Array [
                  257,
                  260,
                ],
                "text": "unknown",
              },
              "messageId": "suggestUnknown",
            },
            Object {
              "desc": "Use \`never\` instead, this is useful when instantiating generic type parameters that you don't need to know the type of.",
              "fix": Object {
                "range": Array [
                  257,
                  260,
                ],
                "text": "never",
              },
              "messageId": "suggestNever",
            },
          ],
        },
        Object {
          "column": 11,
          "endColumn": 14,
          "endLine": 17,
          "line": 17,
          "message": "An empty interface is equivalent to \`{}\`.",
          "messageId": "noEmpty",
          "nodeType": "Identifier",
          "ruleId": "@typescript-eslint/no-empty-interface",
          "severity": 2,
        },
        Object {
          "column": 11,
          "endColumn": 14,
          "endLine": 17,
          "line": 17,
          "message": "'Bar' is defined but never used.",
          "messageId": "unusedVar",
          "nodeType": "Identifier",
          "ruleId": "@typescript-eslint/no-unused-vars",
          "severity": 1,
        },
        Object {
          "column": 7,
          "endColumn": 21,
          "endLine": 19,
          "fix": Object {
            "range": Array [
              306,
              314,
            ],
            "text": "",
          },
          "line": 19,
          "message": "Type number trivially inferred from a number literal, remove type annotation.",
          "messageId": "noInferrableType",
          "nodeType": "VariableDeclarator",
          "ruleId": "@typescript-eslint/no-inferrable-types",
          "severity": 2,
        },
        Object {
          "column": 7,
          "endColumn": 16,
          "endLine": 19,
          "line": 19,
          "message": "Identifier name 'a' is too short (< 2).",
          "messageId": "tooShort",
          "nodeType": "Identifier",
          "ruleId": "id-length",
          "severity": 2,
        },
        Object {
          "column": 7,
          "endColumn": 16,
          "endLine": 19,
          "line": 19,
          "message": "'a' is assigned a value but never used.",
          "messageId": "unusedVar",
          "nodeType": "Identifier",
          "ruleId": "@typescript-eslint/no-unused-vars",
          "severity": 1,
        },
        Object {
          "column": 7,
          "endColumn": 13,
          "endLine": 21,
          "line": 21,
          "message": "'FooBar' is defined but never used.",
          "messageId": "unusedVar",
          "nodeType": "Identifier",
          "ruleId": "@typescript-eslint/no-unused-vars",
          "severity": 1,
        },
        Object {
          "column": 3,
          "endColumn": 20,
          "endLine": 22,
          "fix": Object {
            "range": Array [
              343,
              351,
            ],
            "text": "",
          },
          "line": 22,
          "message": "Type number trivially inferred from a number literal, remove type annotation.",
          "messageId": "noInferrableType",
          "nodeType": "ClassProperty",
          "ruleId": "@typescript-eslint/no-inferrable-types",
          "severity": 2,
        },
        Object {
          "column": 7,
          "endColumn": 8,
          "endLine": 25,
          "line": 25,
          "message": "Identifier name 'C' is too short (< 2).",
          "messageId": "tooShort",
          "nodeType": "Identifier",
          "ruleId": "id-length",
          "severity": 2,
        },
        Object {
          "column": 7,
          "endColumn": 8,
          "endLine": 25,
          "line": 25,
          "message": "'C' is defined but never used.",
          "messageId": "unusedVar",
          "nodeType": "Identifier",
          "ruleId": "@typescript-eslint/no-unused-vars",
          "severity": 1,
        },
        Object {
          "column": 3,
          "endColumn": 12,
          "endLine": 26,
          "line": 26,
          "message": "Class cannot have method named \`new\`.",
          "messageId": "errorMessageClass",
          "nodeType": "MethodDefinition",
          "ruleId": "@typescript-eslint/no-misused-new",
          "severity": 2,
        },
        Object {
          "column": 3,
          "endColumn": 17,
          "endLine": 30,
          "line": 30,
          "message": "Interfaces cannot be constructed, only classes.",
          "messageId": "errorMessageInterface",
          "nodeType": "TSConstructSignatureDeclaration",
          "ruleId": "@typescript-eslint/no-misused-new",
          "severity": 2,
        },
        Object {
          "column": 11,
          "endColumn": 16,
          "endLine": 30,
          "line": 30,
          "message": "'IFace' is defined but never used.",
          "messageId": "unusedVar",
          "nodeType": "Identifier",
          "ruleId": "@typescript-eslint/no-unused-vars",
          "severity": 1,
        },
        Object {
          "column": 3,
          "endColumn": 23,
          "endLine": 31,
          "line": 31,
          "message": "Interfaces cannot be constructed, only classes.",
          "messageId": "errorMessageInterface",
          "nodeType": "TSMethodSignature",
          "ruleId": "@typescript-eslint/no-misused-new",
          "severity": 2,
        },
        Object {
          "column": 7,
          "endColumn": 27,
          "endLine": 39,
          "line": 39,
          "message": "'includesBaz' is assigned a value but never used.",
          "messageId": "unusedVar",
          "nodeType": "Identifier",
          "ruleId": "@typescript-eslint/no-unused-vars",
          "severity": 1,
        },
        Object {
          "column": 30,
          "endColumn": 39,
          "endLine": 39,
          "line": 39,
          "message": "Forbidden non-null assertion.",
          "messageId": "noNonNull",
          "nodeType": "TSNonNullExpression",
          "ruleId": "@typescript-eslint/no-non-null-assertion",
          "severity": 2,
          "suggestions": Array [
            Object {
              "desc": "Consider using the optional chain operator \`?.\` instead. This operator includes runtime checks, so it is safer than the compile-only non-null assertion operator.",
              "fix": Object {
                "range": Array [
                  549,
                  550,
                ],
                "text": "?",
              },
              "messageId": "suggestOptionalChain",
            },
          ],
        },
        Object {
          "column": 11,
          "endColumn": 15,
          "endLine": 41,
          "line": 41,
          "message": "'Foot' is defined but never used.",
          "messageId": "unusedVar",
          "nodeType": "Identifier",
          "ruleId": "@typescript-eslint/no-unused-vars",
          "severity": 1,
        },
        Object {
          "column": 3,
          "endColumn": 14,
          "endLine": 42,
          "fix": Object {
            "range": Array [
              569,
              601,
            ],
            "text": "type Foot = () => string;",
          },
          "line": 42,
          "message": "Interface only has a call signature, you should use a function type instead.",
          "messageId": "functionTypeOverCallableType",
          "nodeType": "TSCallSignatureDeclaration",
          "ruleId": "@typescript-eslint/prefer-function-type",
          "severity": 2,
        },
        Object {
          "column": 10,
          "endColumn": 14,
          "endLine": 45,
          "line": 45,
          "message": "'foot' is defined but never used.",
          "messageId": "unusedVar",
          "nodeType": "Identifier",
          "ruleId": "@typescript-eslint/no-unused-vars",
          "severity": 1,
        },
        Object {
          "column": 22,
          "endColumn": 32,
          "endLine": 45,
          "fix": Object {
            "range": Array [
              622,
              636,
            ],
            "text": "() => number",
          },
          "line": 45,
          "message": "Type literal only has a call signature, you should use a function type instead.",
          "messageId": "functionTypeOverCallableType",
          "nodeType": "TSCallSignatureDeclaration",
          "ruleId": "@typescript-eslint/prefer-function-type",
          "severity": 2,
        },
        Object {
          "column": 11,
          "endColumn": 15,
          "endLine": 49,
          "line": 49,
          "message": "'Foof' is defined but never used.",
          "messageId": "unusedVar",
          "nodeType": "Identifier",
          "ruleId": "@typescript-eslint/no-unused-vars",
          "severity": 1,
        },
        Object {
          "column": 3,
          "endColumn": 12,
          "endLine": 50,
          "fix": Object {
            "range": Array [
              667,
              714,
            ],
            "text": "type Foof = () => void;",
          },
          "line": 50,
          "message": "Interface only has a call signature, you should use a function type instead.",
          "messageId": "functionTypeOverCallableType",
          "nodeType": "TSCallSignatureDeclaration",
          "ruleId": "@typescript-eslint/prefer-function-type",
          "severity": 2,
        },
        Object {
          "column": 10,
          "endColumn": 11,
          "endLine": 53,
          "line": 53,
          "message": "'f' is defined but never used.",
          "messageId": "unusedVar",
          "nodeType": "Identifier",
          "ruleId": "@typescript-eslint/no-unused-vars",
          "severity": 1,
        },
        Object {
          "column": 12,
          "endColumn": 21,
          "endLine": 54,
          "line": 54,
          "message": "These overloads can be combined into one signature taking \`number | string\`.",
          "messageId": "singleParameterDifference",
          "nodeType": "Identifier",
          "ruleId": "@typescript-eslint/unified-signatures",
          "severity": 2,
        },
        Object {
          "column": 5,
          "endColumn": 9,
          "endLine": 56,
          "fix": Object {
            "range": Array [
              775,
              778,
            ],
            "text": "const",
          },
          "line": 56,
          "message": "'fooc' is never reassigned. Use 'const' instead.",
          "messageId": "useConst",
          "nodeType": "Identifier",
          "ruleId": "prefer-const",
          "severity": 2,
        },
        Object {
          "column": 5,
          "endColumn": 9,
          "endLine": 56,
          "line": 56,
          "message": "'fooc' is assigned a value but never used.",
          "messageId": "unusedVar",
          "nodeType": "Identifier",
          "ruleId": "@typescript-eslint/no-unused-vars",
          "severity": 1,
        },
        Object {
          "column": 18,
          "endColumn": 2,
          "endLine": 58,
          "fix": Object {
            "range": Array [
              792,
              807,
            ],
            "text": "0",
          },
          "line": 56,
          "message": "Unexpected block statement surrounding arrow body; move the returned value immediately after the \`=>\`.",
          "messageId": "unexpectedSingleBlock",
          "nodeType": "ArrowFunctionExpression",
          "ruleId": "arrow-body-style",
          "severity": 2,
        },
        Object {
          "column": 7,
          "endColumn": 8,
          "endLine": 60,
          "line": 60,
          "message": "Identifier name 'A' is too short (< 2).",
          "messageId": "tooShort",
          "nodeType": "Identifier",
          "ruleId": "id-length",
          "severity": 2,
        },
        Object {
          "column": 7,
          "endColumn": 8,
          "endLine": 60,
          "line": 60,
          "message": "'A' is defined but never used.",
          "messageId": "unusedVar",
          "nodeType": "Identifier",
          "ruleId": "@typescript-eslint/no-unused-vars",
          "severity": 1,
        },
        Object {
          "column": 5,
          "endColumn": 12,
          "endLine": 62,
          "line": 62,
          "message": "Unexpected 'super()'.",
          "messageId": "unexpected",
          "nodeType": "CallExpression",
          "ruleId": "constructor-super",
          "severity": 2,
        },
        Object {
          "column": 1,
          "endColumn": 12,
          "endLine": 66,
          "line": 66,
          "message": "Expected an assignment or function call and instead saw an expression.",
          "messageId": "unusedExpression",
          "nodeType": "ExpressionStatement",
          "ruleId": "no-unused-expressions",
          "severity": 2,
        },
        Object {
          "column": 5,
          "endColumn": 7,
          "endLine": 66,
          "line": 66,
          "message": "Expected '===' and instead saw '=='.",
          "messageId": "unexpected",
          "nodeType": "BinaryExpression",
          "ruleId": "eqeqeq",
          "severity": 2,
        },
        Object {
          "column": 12,
          "endColumn": 1,
          "endLine": 67,
          "fix": Object {
            "range": Array [
              896,
              896,
            ],
            "text": ";",
          },
          "line": 66,
          "message": "Missing semicolon.",
          "messageId": "missingSemi",
          "nodeType": "ExpressionStatement",
          "ruleId": "semi",
          "severity": 2,
        },
        Object {
          "column": 1,
          "endColumn": 13,
          "endLine": 67,
          "line": 67,
          "message": "Expected an assignment or function call and instead saw an expression.",
          "messageId": "unusedExpression",
          "nodeType": "ExpressionStatement",
          "ruleId": "no-unused-expressions",
          "severity": 2,
        },
        Object {
          "column": 9,
          "endColumn": 11,
          "endLine": 67,
          "line": 67,
          "message": "Expected '!==' and instead saw '!='.",
          "messageId": "unexpected",
          "nodeType": "BinaryExpression",
          "ruleId": "eqeqeq",
          "severity": 2,
        },
        Object {
          "column": 13,
          "endColumn": 1,
          "endLine": 68,
          "fix": Object {
            "range": Array [
              909,
              909,
            ],
            "text": ";",
          },
          "line": 67,
          "message": "Missing semicolon.",
          "messageId": "missingSemi",
          "nodeType": "ExpressionStatement",
          "ruleId": "semi",
          "severity": 2,
        },
        Object {
          "column": 1,
          "endColumn": 2,
          "endLine": 71,
          "line": 69,
          "message": "for..in loops iterate over the entire prototype chain, which is virtually never what you want. Use Object.{keys,values,entries}, and iterate over the resulting array.",
          "messageId": "restrictedSyntax",
          "nodeType": "ForInStatement",
          "ruleId": "no-restricted-syntax",
          "severity": 2,
        },
        Object {
          "column": 1,
          "endColumn": 2,
          "endLine": 71,
          "line": 69,
          "message": "The body of a for-in should be wrapped in an if statement to filter unwanted properties from the prototype.",
          "messageId": "wrap",
          "nodeType": "ForInStatement",
          "ruleId": "guard-for-in",
          "severity": 2,
        },
      ],
      "source": "import { Service } from './my.service';
import { Provider } from './my.provider';

Service();

class invalidClassName {}

type T = { x: number };

interface Foo {
  B: string; // -> field
  new (); // -> constructor
  A(): void; // -> method
  [Z: string]: any; // -> signature
}

interface Bar {}

const a: number = 10;

class FooBar {
  prop: number = 5;
}

class C {
  new(): C;
}

interface IFace {
  new (): IFace;
  constructor(): void;
}

interface Foob {
  bar?: string;
}

const foob: Foob = getFoob();
const includesBaz: boolean = foob.bar!.includes('baz');

interface Foot {
  (): string;
}

function foot(bar: { (): number }): number {
  return bar();
}

interface Foof extends Function {
  (): void;
}

function f(x: number): void;
function f(x: string): void;

let fooc = () => {
  return 0;
};

class A {
  constructor() {
    super();  // This is a SyntaxError.
  }
}

foo == true
bananas != 1

for (key in foo) {
  doSomething(key);
}
",
      "warningCount": 17,
    },
  ],
  "usedDeprecatedRules": Array [
    Object {
      "replacedBy": Array [
        "padding-line-between-statements",
      ],
      "ruleId": "lines-around-directive",
    },
    Object {
      "replacedBy": Array [],
      "ruleId": "global-require",
    },
    Object {
      "replacedBy": Array [],
      "ruleId": "no-buffer-constructor",
    },
    Object {
      "replacedBy": Array [],
      "ruleId": "no-new-require",
    },
    Object {
      "replacedBy": Array [],
      "ruleId": "no-path-concat",
    },
  ],
  "warningCount": 17,
}
`;
