// Jest Snapshot v1, https://goo.gl/fbAQLP

exports[`Validate Vue ESLint config. > Rules: Vuejs 1`] = `
Object {
  "errorCount": 3,
  "fixableErrorCount": 0,
  "fixableWarningCount": 4,
  "results": Array [
    Object {
      "errorCount": 3,
      "filePath": "tests/fixtures/vue.fixture.vue",
      "fixableErrorCount": 0,
      "fixableWarningCount": 4,
      "messages": Array [
        Object {
          "column": 8,
          "endColumn": 14,
          "endLine": 2,
          "line": 2,
          "message": "'v-else' directives require being preceded by the element which has a 'v-if' or 'v-else-if' directive.",
          "nodeType": "VAttribute",
          "ruleId": "vue/valid-v-else",
          "severity": 2,
        },
        Object {
          "column": 5,
          "endColumn": 6,
          "endLine": 7,
          "line": 4,
          "message": "Elements in iteration expect to have 'v-bind:key' directives.",
          "nodeType": "VStartTag",
          "ruleId": "vue/require-v-for-key",
          "severity": 2,
        },
        Object {
          "column": 19,
          "endColumn": 21,
          "endLine": 8,
          "fix": Object {
            "range": Array [
              130,
              130,
            ],
            "text": " ",
          },
          "line": 8,
          "message": "Expected 1 space before '}}', but not found.",
          "nodeType": "VExpressionEnd",
          "ruleId": "vue/mustache-interpolation-spacing",
          "severity": 1,
        },
        Object {
          "column": 13,
          "endColumn": 33,
          "endLine": 10,
          "fix": Object {
            "range": Array [
              156,
              161,
            ],
            "text": "@",
          },
          "line": 10,
          "message": "Expected '@' instead of 'v-on:'.",
          "nodeType": "VAttribute",
          "ruleId": "vue/v-on-style",
          "severity": 1,
        },
        Object {
          "column": 34,
          "endColumn": 34,
          "endLine": 10,
          "fix": Object {
            "range": Array [
              177,
              177,
            ],
            "text": "
",
          },
          "line": 10,
          "message": "Expected 1 line break after opening tag (\`<button>\`), but no line breaks found.",
          "messageId": "unexpectedAfterClosingBracket",
          "nodeType": "HTMLTagClose",
          "ruleId": "vue/singleline-html-element-content-newline",
          "severity": 1,
        },
        Object {
          "column": 40,
          "endColumn": 40,
          "endLine": 10,
          "fix": Object {
            "range": Array [
              183,
              183,
            ],
            "text": "
",
          },
          "line": 10,
          "message": "Expected 1 line break before closing tag (\`</button>\`), but no line breaks found.",
          "messageId": "unexpectedBeforeOpeningBracket",
          "nodeType": "HTMLEndTagOpen",
          "ruleId": "vue/singleline-html-element-content-newline",
          "severity": 1,
        },
        Object {
          "column": 38,
          "endColumn": 53,
          "endLine": 15,
          "line": 15,
          "message": "Unexpected use of file extension \\"fixture\\" for \\"./vue.fixture\\"",
          "nodeType": "Literal",
          "ruleId": "import/extensions",
          "severity": 2,
        },
      ],
      "source": "<template>
  <div v-else>
    Hello, {{ name }}!
    <div
      v-for=\\"item of items\\"
      key=\\"item.id\\"
    >
      {{ item.name}}
    </div>
    <button v-on:click=\\"onClick\\">Button</button>
  </div>
</template>

<script>
export { Component as default } from './vue.fixture';
</script>
",
      "warningCount": 4,
    },
  ],
  "usedDeprecatedRules": Array [],
  "warningCount": 4,
}
`;
